..................................................
----------------------------------------------------------------------
Ran 50 tests in 0.004s

OK
